------------------------------------------------------------
TimeQuest Timing Analyzer Summary
------------------------------------------------------------

Type  : Slow 1100mV 85C Model Setup 'KEY[0]'
Slack : -0.061
TNS   : -0.061

Type  : Slow 1100mV 85C Model Hold 'KEY[0]'
Slack : 0.209
TNS   : 0.000

Type  : Slow 1100mV 85C Model Minimum Pulse Width 'KEY[0]'
Slack : -0.394
TNS   : -5.667

Type  : Slow 1100mV 0C Model Setup 'KEY[0]'
Slack : -0.092
TNS   : -0.092

Type  : Slow 1100mV 0C Model Hold 'KEY[0]'
Slack : 0.196
TNS   : 0.000

Type  : Slow 1100mV 0C Model Minimum Pulse Width 'KEY[0]'
Slack : -0.394
TNS   : -5.191

Type  : Fast 1100mV 85C Model Setup 'KEY[0]'
Slack : 0.385
TNS   : 0.000

Type  : Fast 1100mV 85C Model Hold 'KEY[0]'
Slack : 0.128
TNS   : 0.000

Type  : Fast 1100mV 85C Model Minimum Pulse Width 'KEY[0]'
Slack : -0.345
TNS   : -2.957

Type  : Fast 1100mV 0C Model Setup 'KEY[0]'
Slack : 0.402
TNS   : 0.000

Type  : Fast 1100mV 0C Model Hold 'KEY[0]'
Slack : 0.117
TNS   : 0.000

Type  : Fast 1100mV 0C Model Minimum Pulse Width 'KEY[0]'
Slack : -0.325
TNS   : -2.775

------------------------------------------------------------
