------------------------------------------------------------
TimeQuest Timing Analyzer Summary
------------------------------------------------------------

Type  : Slow 1100mV 85C Model Setup 'KEY[0]'
Slack : -2.212
TNS   : -5.520

Type  : Slow 1100mV 85C Model Hold 'KEY[0]'
Slack : 0.572
TNS   : 0.000

Type  : Slow 1100mV 85C Model Minimum Pulse Width 'KEY[0]'
Slack : 0.166
TNS   : 0.000

Type  : Slow 1100mV 0C Model Setup 'KEY[0]'
Slack : -2.134
TNS   : -5.352

Type  : Slow 1100mV 0C Model Hold 'KEY[0]'
Slack : 0.495
TNS   : 0.000

Type  : Slow 1100mV 0C Model Minimum Pulse Width 'KEY[0]'
Slack : 0.135
TNS   : 0.000

Type  : Fast 1100mV 85C Model Setup 'KEY[0]'
Slack : -1.053
TNS   : -2.223

Type  : Fast 1100mV 85C Model Hold 'KEY[0]'
Slack : 0.340
TNS   : 0.000

Type  : Fast 1100mV 85C Model Minimum Pulse Width 'KEY[0]'
Slack : -0.025
TNS   : -0.049

Type  : Fast 1100mV 0C Model Setup 'KEY[0]'
Slack : -0.849
TNS   : -1.761

Type  : Fast 1100mV 0C Model Hold 'KEY[0]'
Slack : 0.297
TNS   : 0.000

Type  : Fast 1100mV 0C Model Minimum Pulse Width 'KEY[0]'
Slack : -0.045
TNS   : -0.090

------------------------------------------------------------
